// Jest Snapshot v1, https://goo.gl/fbAQLP

exports[`Full review renders correctly 1`] = `
<div
  class="review"
  data-testid="review"
>
  <header
    class="header"
  >
    <div
      class="clientInfo"
    >
      <h2
        class="name"
      >
        @
        Marko
      </h2>
    </div>
    <div
      class="quotes"
    >
      <svg>
        quotes.svg
      </svg>
    </div>
  </header>
  <p
    class="text"
  >
    “
    Some long test from some strange person
    ”
  </p>
</div>
`;
